<?xml version="1.0" encoding="UTF-8"?>
<testsuites name="jest tests" tests="1" failures="0" errors="0" time="4.544">
  <testsuite name="undefined" errors="0" failures="0" skipped="0" timestamp="2021-01-16T12:58:45" time="0.986" tests="1">
    <testcase classname=" add VAT tax rate 10% to original price" name=" add VAT tax rate 10% to original price" time="0.002">
    </testcase>
  </testsuite>
</testsuites>